// Jest Snapshot v1, https://goo.gl/fbAQLP

exports[`Card Component 1`] = `
<div
  className="MuiPaper-root MuiPaper-elevation MuiPaper-rounded MuiPaper-elevation1 MuiCard-root makeStyles-cardWrapper-1 css-bhp9pd-MuiPaper-root-MuiCard-root"
>
  <div
    className="MuiCardContent-root css-46bh2p-MuiCardContent-root"
  >
    This is Card Component
  </div>
</div>
`;
