// Jest Snapshot v1, https://goo.gl/fbAQLP

exports[`Map Component 1`] = `
<div
  className="makeStyles-mapWrapper-1"
/>
`;
