// Jest Snapshot v1, https://goo.gl/fbAQLP

exports[`MenuAppBar Component 1`] = `
<div
  className="MuiBox-root css-i9gxme"
>
  <header
    className="MuiPaper-root MuiPaper-elevation MuiPaper-elevation4 MuiAppBar-root MuiAppBar-colorPrimary MuiAppBar-positionStatic css-hip9hq-MuiPaper-root-MuiAppBar-root"
  >
    <div
      className="MuiToolbar-root MuiToolbar-gutters MuiToolbar-regular css-1t29gy6-MuiToolbar-root"
    >
      <img
        alt="corona virus"
        height={40}
        src="logo.png"
        width="auto"
      />
      <div
        className="MuiTypography-root MuiTypography-h6 css-2ulfj5-MuiTypography-root"
      >
        <span
          style={
            Object {
              "marginLeft": 15,
            }
          }
        >
           Coronavirus disease
        </span>
      </div>
    </div>
  </header>
</div>
`;
